[    0.000000] Initializing cgroup subsys cpuset
[    0.000000] Initializing cgroup subsys cpu
[    0.000000] Initializing cgroup subsys cpuacct
[    0.000000] Linux version 4.4.0-130-generic (buildd@lgw01-amd64-039) (gcc version 5.4.0 20160609 (Ubuntu 5.4.0-6ubuntu1~16.04.9) ) #156-Ubuntu SMP Thu Jun 14 08:53:28 UTC 2018 (Ubuntu 4.4.0-130.156-generic 4.4.134)
[    0.000000] Command line: BOOT_IMAGE=/boot/vmlinuz-4.4.0-130-generic root=UUID=84e91f24-0077-40f3-aab8-b49b8e1f4506 ro console=tty1 console=ttyS0
[    0.000000] KERNEL supported cpus:
[    0.000000]   Intel GenuineIntel
[    0.000000]   AMD AuthenticAMD
[    0.000000]   Centaur CentaurHauls
[    0.000000] x86/fpu: xstate_offset[2]:  576, xstate_sizes[2]:  256
[    0.000000] x86/fpu: Supporting XSAVE feature 0x01: 'x87 floating point registers'
[    0.000000] x86/fpu: Supporting XSAVE feature 0x02: 'SSE registers'
[    0.000000] x86/fpu: Supporting XSAVE feature 0x04: 'AVX registers'
[    0.000000] x86/fpu: Enabled xstate features 0x7, context size is 832 bytes, using 'standard' format.
[    0.000000] x86/fpu: Using 'eager' FPU context switches.
[    0.000000] e820: BIOS-provided physical RAM map:
[    0.000000] BIOS-e820: [mem 0x0000000000000000-0x000000000009fbff] usable
[    0.000000] BIOS-e820: [mem 0x000000000009fc00-0x000000000009ffff] reserved
[    0.000000] BIOS-e820: [mem 0x00000000000f0000-0x00000000000fffff] reserved
[    0.000000] BIOS-e820: [mem 0x0000000000100000-0x000000003ffeffff] usable
[    0.000000] BIOS-e820: [mem 0x000000003fff0000-0x000000003fffffff] ACPI data
[    0.000000] BIOS-e820: [mem 0x00000000fec00000-0x00000000fec00fff] reserved
[    0.000000] BIOS-e820: [mem 0x00000000fee00000-0x00000000fee00fff] reserved
[    0.000000] BIOS-e820: [mem 0x00000000fffc0000-0x00000000ffffffff] reserved
[    0.000000] NX (Execute Disable) protection: active
[    0.000000] SMBIOS 2.5 present.
[    0.000000] Hypervisor detected: KVM
[    0.000000] Kernel/User page tables isolation: disabled
[    0.000000] e820: last_pfn = 0x3fff0 max_arch_pfn = 0x400000000
[    0.000000] MTRR: Disabled
[    0.000000] x86/PAT: MTRRs disabled, skipping PAT initialization too.
[    0.000000] CPU MTRRs all blank - virtualized system.
[    0.000000] x86/PAT: Configuration [0-7]: WB  WT  UC- UC  WB  WT  UC- UC  
[    0.000000] found SMP MP-table at [mem 0x0009fff0-0x0009ffff] mapped at [ffff88000009fff0]
[    0.000000] Scanning 1 areas for low memory corruption
[    0.000000] RAMDISK: [mem 0x361ee000-0x370eefff]
[    0.000000] ACPI: Early table checksum verification disabled
[    0.000000] ACPI: RSDP 0x00000000000E0000 000024 (v02 VBOX  )
[    0.000000] ACPI: XSDT 0x000000003FFF0030 00003C (v01 VBOX   VBOXXSDT 00000001 ASL  00000061)
[    0.000000] ACPI: FACP 0x000000003FFF00F0 0000F4 (v04 VBOX   VBOXFACP 00000001 ASL  00000061)
[    0.000000] ACPI: DSDT 0x000000003FFF0470 0021FF (v02 VBOX   VBOXBIOS 00000002 INTL 20100528)
[    0.000000] ACPI: FACS 0x000000003FFF0200 000040
[    0.000000] ACPI: FACS 0x000000003FFF0200 000040
[    0.000000] ACPI: APIC 0x000000003FFF0240 00005C (v02 VBOX   VBOXAPIC 00000001 ASL  00000061)
[    0.000000] ACPI: SSDT 0x000000003FFF02A0 0001CC (v01 VBOX   VBOXCPUT 00000002 INTL 20100528)
[    0.000000] No NUMA configuration found
[    0.000000] Faking a node at [mem 0x0000000000000000-0x000000003ffeffff]
[    0.000000] NODE_DATA(0) allocated [mem 0x3ffeb000-0x3ffeffff]
[    0.000000] kvm-clock: Using msrs 4b564d01 and 4b564d00
[    0.000000] kvm-clock: cpu 0, msr 0:3ffe3001, primary cpu clock
[    0.000000] kvm-clock: using sched offset of 7282582926 cycles
[    0.000000] clocksource: kvm-clock: mask: 0xffffffffffffffff max_cycles: 0x1cd42e4dffb, max_idle_ns: 881590591483 ns
[    0.000000] Zone ranges:
[    0.000000]   DMA      [mem 0x0000000000001000-0x0000000000ffffff]
[    0.000000]   DMA32    [mem 0x0000000001000000-0x000000003ffeffff]
[    0.000000]   Normal   empty
[    0.000000]   Device   empty
[    0.000000] Movable zone start for each node
[    0.000000] Early memory node ranges
[    0.000000]   node   0: [mem 0x0000000000001000-0x000000000009efff]
[    0.000000]   node   0: [mem 0x0000000000100000-0x000000003ffeffff]
[    0.000000] Initmem setup node 0 [mem 0x0000000000001000-0x000000003ffeffff]
[    0.000000] ACPI: PM-Timer IO Port: 0x4008
[    0.000000] IOAPIC[0]: apic_id 2, version 32, address 0xfec00000, GSI 0-23
[    0.000000] ACPI: INT_SRC_OVR (bus 0 bus_irq 0 global_irq 2 dfl dfl)
[    0.000000] ACPI: INT_SRC_OVR (bus 0 bus_irq 9 global_irq 9 low level)
[    0.000000] Using ACPI (MADT) for SMP configuration information
[    0.000000] smpboot: Allowing 2 CPUs, 0 hotplug CPUs
[    0.000000] PM: Registered nosave memory: [mem 0x00000000-0x00000fff]
[    0.000000] PM: Registered nosave memory: [mem 0x0009f000-0x0009ffff]
[    0.000000] PM: Registered nosave memory: [mem 0x000a0000-0x000effff]
[    0.000000] PM: Registered nosave memory: [mem 0x000f0000-0x000fffff]
[    0.000000] e820: [mem 0x40000000-0xfebfffff] available for PCI devices
[    0.000000] Booting paravirtualized kernel on KVM
[    0.000000] clocksource: refined-jiffies: mask: 0xffffffff max_cycles: 0xffffffff, max_idle_ns: 7645519600211568 ns
[    0.000000] setup_percpu: NR_CPUS:512 nr_cpumask_bits:512 nr_cpu_ids:2 nr_node_ids:1
[    0.000000] PERCPU: Embedded 34 pages/cpu @ffff88003fc00000 s99544 r8192 d31528 u1048576
[    0.000000] PV qspinlock hash table entries: 256 (order: 0, 4096 bytes)
[    0.000000] Built 1 zonelists in Node order, mobility grouping on.  Total pages: 257912
[    0.000000] Policy zone: DMA32
[    0.000000] Kernel command line: BOOT_IMAGE=/boot/vmlinuz-4.4.0-130-generic root=UUID=84e91f24-0077-40f3-aab8-b49b8e1f4506 ro console=tty1 console=ttyS0
[    0.000000] PID hash table entries: 4096 (order: 3, 32768 bytes)
[    0.000000] Memory: 997152K/1048120K available (8546K kernel code, 1313K rwdata, 4000K rodata, 1516K init, 1316K bss, 50968K reserved, 0K cma-reserved)
[    0.000000] SLUB: HWalign=64, Order=0-3, MinObjects=0, CPUs=2, Nodes=1
[    0.000000] Hierarchical RCU implementation.
[    0.000000] 	Build-time adjustment of leaf fanout to 64.
[    0.000000] 	RCU restricting CPUs from NR_CPUS=512 to nr_cpu_ids=2.
[    0.000000] RCU: Adjusting geometry for rcu_fanout_leaf=64, nr_cpu_ids=2
[    0.000000] NR_IRQS:33024 nr_irqs:440 16
[    0.000000] Console: colour VGA+ 80x25
[    0.000000] console [tty1] enabled
[    0.000000] console [ttyS0] enabled
[    0.000000] tsc: Detected 2195.882 MHz processor
[    0.000000] tsc: Marking TSC unstable due to TSCs unsynchronized
[    0.004000] Calibrating delay loop (skipped) preset value.. 4391.76 BogoMIPS (lpj=8783528)
[    0.004000] pid_max: default: 32768 minimum: 301
[    0.004000] ACPI: Core revision 20150930
[    0.010642] ACPI: 2 ACPI AML tables successfully acquired and loaded
[    0.017553] Security Framework initialized
[    0.020027] Yama: becoming mindful.
[    0.024074] AppArmor: AppArmor initialized
[    0.028366] Dentry cache hash table entries: 131072 (order: 8, 1048576 bytes)
[    0.036597] Inode-cache hash table entries: 65536 (order: 7, 524288 bytes)
[    0.048120] Mount-cache hash table entries: 2048 (order: 2, 16384 bytes)
[    0.052044] Mountpoint-cache hash table entries: 2048 (order: 2, 16384 bytes)
[    0.056638] Initializing cgroup subsys io
[    0.060047] Initializing cgroup subsys memory
[    0.064045] Initializing cgroup subsys devices
[    0.068031] Initializing cgroup subsys freezer
[    0.072024] Initializing cgroup subsys net_cls
[    0.076040] Initializing cgroup subsys perf_event
[    0.080027] Initializing cgroup subsys net_prio
[    0.084039] Initializing cgroup subsys hugetlb
[    0.088036] Initializing cgroup subsys pids
[    0.092298] Disabling Indirect Branch Predictor Support
[    0.096033] CPU: Physical Processor ID: 0
[    0.100017] CPU: Processor Core ID: 0
[    0.137072] mce: CPU supports 0 MCE banks
[    0.140088] Last level iTLB entries: 4KB 512, 2MB 8, 4MB 4
[    0.144019] Last level dTLB entries: 4KB 512, 2MB 256, 4MB 128, 1GB 0
[    0.148019] Spectre V2 : LFENCE not serializing. Switching to generic retpoline
[    0.152025] Spectre V2 : Mitigation: Full generic retpoline
[    0.156018] Spectre V2 : Speculation control IBPB not-supported IBRS not-supported
[    0.160019] Spectre V2 : Filling RSB on context switch
[    0.164021] Speculative Store Bypass: Mitigation: Speculative Store Bypass disabled via prctl and seccomp
[    0.182624] Freeing SMP alternatives memory: 32K
[    0.226643] ftrace: allocating 32245 entries in 126 pages
[    0.292281] smpboot: APIC(0) Converting physical 0 to logical package 0
[    0.296041] smpboot: Max logical packages: 1
[    0.301529] x2apic enabled
[    0.304027] Switched APIC routing to physical x2apic.
[    0.315062] ..TIMER: vector=0x30 apic1=0 pin1=2 apic2=-1 pin2=-1
[    0.320000] smpboot: CPU0: AMD A8-7410 APU with AMD Radeon R5 Graphics (family: 0x16, model: 0x30, stepping: 0x1)
[    0.324035] Performance Events: Broken PMU hardware detected, using software events only.
[    0.332013] Failed to access perfctr msr (MSR c0010007 is 0)
[    0.336124] KVM setup paravirtual spinlock
[    0.343011] x86: Booting SMP configuration:
[    0.344017] .... node  #0, CPUs:      #1
[    0.004000] kvm-clock: cpu 1, msr 0:3ffe3041, secondary cpu clock
[    0.004000] mce: CPU supports 0 MCE banks
[    0.389556] x86: Booted up 1 node, 2 CPUs
[    0.392023] smpboot: Total of 2 processors activated (8783.52 BogoMIPS)
[    0.397331] devtmpfs: initialized
[    0.414077] evm: security.selinux
[    0.416009] evm: security.SMACK64
[    0.420008] evm: security.SMACK64EXEC
[    0.423957] evm: security.SMACK64TRANSMUTE
[    0.424014] evm: security.SMACK64MMAP
[    0.428007] evm: security.ima
[    0.431391] evm: security.capability
[    0.436421] clocksource: jiffies: mask: 0xffffffff max_cycles: 0xffffffff, max_idle_ns: 7645041785100000 ns
[    0.440065] futex hash table entries: 512 (order: 3, 32768 bytes)
[    0.444323] pinctrl core: initialized pinctrl subsystem
[    0.448474] RTC time:  5:46:53, date: 08/07/18
[    0.456514] NET: Registered protocol family 16
[    0.472041] cpuidle: using governor ladder
[    0.488082] cpuidle: using governor menu
[    0.492054] PCCT header not found.
[    0.497290] ACPI: bus type PCI registered
[    0.500010] acpiphp: ACPI Hot Plug PCI Controller Driver version: 0.5
[    0.504467] PCI: Using configuration type 1 for base access
[    0.508012] PCI: Using configuration type 1 for extended access
[    0.528456] ACPI: Added _OSI(Module Device)
[    0.536015] ACPI: Added _OSI(Processor Device)
[    0.540013] ACPI: Added _OSI(3.0 _SCP Extensions)
[    0.544010] ACPI: Added _OSI(Processor Aggregator Device)
[    0.554450] ACPI: Executed 1 blocks of module-level executable AML code
[    0.569521] ACPI: Interpreter enabled
[    0.572049] ACPI: (supports S0 S5)
[    0.576028] ACPI: Using IOAPIC for interrupt routing
[    0.580912] PCI: Using host bridge windows from ACPI; if necessary, use "pci=nocrs" and report a bug
[    0.604445] ACPI: PCI Root Bridge [PCI0] (domain 0000 [bus 00-ff])
[    0.608028] acpi PNP0A03:00: _OSC: OS supports [ExtendedConfig ASPM ClockPM Segments MSI]
[    0.612230] acpi PNP0A03:00: _OSC: OS now controls [PCIeHotplug PME AER PCIeCapability]
[    0.617478] PCI host bridge to bus 0000:00
[    0.620020] pci_bus 0000:00: root bus resource [io  0x0000-0x0cf7 window]
[    0.624016] pci_bus 0000:00: root bus resource [io  0x0d00-0xffff window]
[    0.628013] pci_bus 0000:00: root bus resource [mem 0x000a0000-0x000bffff window]
[    0.632037] pci_bus 0000:00: root bus resource [mem 0x40000000-0xfdffffff window]
[    0.636035] pci_bus 0000:00: root bus resource [bus 00-ff]
[    0.653981] pci 0000:00:01.1: legacy IDE quirk: reg 0x10: [io  0x01f0-0x01f7]
[    0.656028] pci 0000:00:01.1: legacy IDE quirk: reg 0x14: [io  0x03f6]
[    0.660030] pci 0000:00:01.1: legacy IDE quirk: reg 0x18: [io  0x0170-0x0177]
[    0.664033] pci 0000:00:01.1: legacy IDE quirk: reg 0x1c: [io  0x0376]
[    0.734363] pci 0000:00:07.0: quirk: [io  0x4000-0x403f] claimed by PIIX4 ACPI
[    0.736117] pci 0000:00:07.0: quirk: [io  0x4100-0x410f] claimed by PIIX4 SMB
[    0.768086] ACPI: PCI Interrupt Link [LNKA] (IRQs 5 9 10 *11)
[    0.777406] ACPI: PCI Interrupt Link [LNKB] (IRQs 5 9 *10 11)
[    0.787675] ACPI: PCI Interrupt Link [LNKC] (IRQs 5 *9 10 11)
[    0.798016] ACPI: PCI Interrupt Link [LNKD] (IRQs 5 9 10 *11)
[    0.807931] ACPI: Enabled 2 GPEs in block 00 to 07
[    0.808507] vgaarb: setting as boot device: PCI:0000:00:02.0
[    0.812000] vgaarb: device added: PCI:0000:00:02.0,decodes=io+mem,owns=io+mem,locks=none
[    0.812029] vgaarb: loaded
[    0.816023] vgaarb: bridge control possible 0000:00:02.0
[    0.821069] SCSI subsystem initialized
[    0.828223] ACPI: bus type USB registered
[    0.832127] usbcore: registered new interface driver usbfs
[    0.837778] usbcore: registered new interface driver hub
[    0.840405] usbcore: registered new device driver usb
[    0.844481] PCI: Using ACPI for IRQ routing
[    0.849091] NetLabel: Initializing
[    0.852022] NetLabel:  domain hash size = 128
[    0.856018] NetLabel:  protocols = UNLABELED CIPSOv4
[    0.860084] NetLabel:  unlabeled traffic allowed by default
[    0.864174] amd_nb: Cannot enumerate AMD northbridges
[    0.868116] clocksource: Switched to clocksource kvm-clock
[    0.880558] AppArmor: AppArmor Filesystem Enabled
[    0.934466] pnp: PnP ACPI init
[    0.936895] pnp: PnP ACPI: found 3 devices
[    0.975239] clocksource: acpi_pm: mask: 0xffffff max_cycles: 0xffffff, max_idle_ns: 2085701024 ns
[    0.976294] NET: Registered protocol family 2
[    0.992930] TCP established hash table entries: 8192 (order: 4, 65536 bytes)
[    0.996831] TCP bind hash table entries: 8192 (order: 5, 131072 bytes)
[    0.996831] TCP: Hash tables configured (established 8192 bind 8192)
[    0.996831] UDP hash table entries: 512 (order: 2, 16384 bytes)
[    0.996831] UDP-Lite hash table entries: 512 (order: 2, 16384 bytes)
[    0.996831] NET: Registered protocol family 1
[    0.996831] pci 0000:00:00.0: Limiting direct PCI/PCI transfers
[    0.996831] pci 0000:00:01.0: Activating ISA DMA hang workarounds
[    0.996831] Unpacking initramfs...
[    2.299744] Freeing initrd memory: 15364K
[    2.304699] clocksource: tsc: mask: 0xffffffffffffffff max_cycles: 0x1fa700bbdbc, max_idle_ns: 440795317758 ns
[    2.314836] platform rtc_cmos: registered platform RTC device (no PNP device found)
[    2.323625] Scanning for low memory corruption every 60 seconds
[    2.331423] audit: initializing netlink subsys (disabled)
[    2.336848] audit: type=2000 audit(1533620823.628:1): initialized
[    2.343593] Initialise system trusted keyring
[    2.348775] HugeTLB registered 2 MB page size, pre-allocated 0 pages
[    2.361483] zbud: loaded
[    2.366048] VFS: Disk quotas dquot_6.6.0
[    2.370390] VFS: Dquot-cache hash table entries: 512 (order 0, 4096 bytes)
[    2.377867] squashfs: version 4.0 (2009/01/31) Phillip Lougher
[    2.384857] fuse init (API version 7.23)
[    2.389803] Key type big_key registered
[    2.394096] Allocating IMA MOK and blacklist keyrings.
[    2.405410] Key type asymmetric registered
[    2.409687] Asymmetric key parser 'x509' registered
[    2.414762] Block layer SCSI generic (bsg) driver version 0.4 loaded (major 249)
[    2.422894] io scheduler noop registered
[    2.427087] io scheduler deadline registered (default)
[    2.432284] io scheduler cfq registered
[    2.436980] pci_hotplug: PCI Hot Plug PCI Core version: 0.5
[    2.442655] pciehp: PCI Express Hot Plug Controller Driver version: 0.4
[    2.449382] ACPI: AC Adapter [AC] (on-line)
[    2.454101] input: Power Button as /devices/LNXSYSTM:00/LNXPWRBN:00/input/input0
[    2.462172] ACPI: Power Button [PWRF]
[    2.466552] input: Sleep Button as /devices/LNXSYSTM:00/LNXSLPBN:00/input/input1
[    2.474603] ACPI: Sleep Button [SLPF]
[    2.479427] GHES: HEST is not enabled!
[    2.482954] ACPI: Battery Slot [BAT0] (battery present)
[    2.489521] Serial: 8250/16550 driver, 32 ports, IRQ sharing enabled
[    2.534210] 00:02: ttyS0 at I/O 0x3f8 (irq = 4, base_baud = 115200) is a 16550A
[    2.564985] Linux agpgart interface v0.103
[    2.577948] loop: module loaded
[    2.584543] scsi host0: ata_piix
[    2.589000] scsi host1: ata_piix
[    2.593074] ata1: PATA max UDMA/33 cmd 0x1f0 ctl 0x3f6 bmdma 0xd000 irq 14
[    2.596858] ata2: PATA max UDMA/33 cmd 0x170 ctl 0x376 bmdma 0xd008 irq 15
[    2.607494] libphy: Fixed MDIO Bus: probed
[    2.611994] tun: Universal TUN/TAP device driver, 1.6
[    2.615805] tun: (C) 1999-2004 Max Krasnyansky <maxk@qualcomm.com>
[    2.620523] PPP generic driver version 2.4.2
[    2.624279] ehci_hcd: USB 2.0 'Enhanced' Host Controller (EHCI) Driver
[    2.628954] ehci-pci: EHCI PCI platform driver
[    2.632611] ehci-platform: EHCI generic platform driver
[    2.636533] ohci_hcd: USB 1.1 'Open' Host Controller (OHCI) Driver
[    2.640952] ohci-pci: OHCI PCI platform driver
[    2.644564] ohci-platform: OHCI generic platform driver
[    2.648607] uhci_hcd: USB Universal Host Controller Interface driver
[    2.653588] i8042: PNP: PS/2 Controller [PNP0303:PS2K,PNP0f03:PS2M] at 0x60,0x64 irq 1,12
[    2.661400] serio: i8042 KBD port at 0x60,0x64 irq 1
[    2.665765] serio: i8042 AUX port at 0x60,0x64 irq 12
[    2.670504] mousedev: PS/2 mouse device common for all mice
[    2.678290] input: AT Translated Set 2 keyboard as /devices/platform/i8042/serio0/input/input2
[    2.685891] rtc_cmos rtc_cmos: rtc core: registered rtc_cmos as rtc0
[    2.686142] rtc_cmos rtc_cmos: alarms up to one day, 114 bytes nvram
[    2.686167] i2c /dev entries driver
[    2.686320] device-mapper: uevent: version 1.0.3
[    2.686560] device-mapper: ioctl: 4.34.0-ioctl (2015-10-28) initialised: dm-devel@redhat.com
[    2.686604] ledtrig-cpu: registered to indicate activity on CPUs
[    2.687558] NET: Registered protocol family 10
[    2.688034] NET: Registered protocol family 17
[    2.688094] Key type dns_resolver registered
[    2.688999] registered taskstats version 1
[    2.689042] Loading compiled-in X.509 certificates
[    2.691647] Loaded X.509 cert 'Build time autogenerated kernel key: b3e0fe4bcd6378c38a2c0a4648abbc1fa5043a22'
[    2.691737] zswap: loaded using pool lzo/zbud
[    2.699264] Key type trusted registered
[    2.710461] Key type encrypted registered
[    2.710480] AppArmor: AppArmor sha1 policy hashing enabled
[    2.710489] ima: No TPM chip found, activating TPM-bypass!
[    2.710507] ima: Allocated hash algorithm: sha1
[    2.710550] evm: HMAC attrs: 0x1
[    2.711459]   Magic number: 14:301:769
[    2.711532] mem kmsg: hash matches
[    2.711543] pci 0000:00:05.0: hash matches
[    2.716545] rtc_cmos rtc_cmos: setting system clock to 2018-08-07 05:46:56 UTC (1533620816)
[    2.716950] BIOS EDD facility v0.16 2004-Jun-25, 0 devices found
[    2.716951] EDD information not available.
[    2.813889] Freeing unused kernel memory: 1516K
[    2.840147] Write protecting the kernel read-only data: 14336k
[    2.848294] Freeing unused kernel memory: 1680K
[    2.853570] Freeing unused kernel memory: 96K
Loading, please wait...
starting version 229
[    2.897270] random: systemd-udevd: uninitialized urandom read (16 bytes read, 3 bits of entropy available)
[    2.898738] random: udevadm: uninitialized urandom read (16 bytes read, 3 bits of entropy available)
[    2.898825] random: udevadm: uninitialized urandom read (16 bytes read, 3 bits of entropy available)
[    2.939685] random: udevadm: uninitialized urandom read (16 bytes read, 3 bits of entropy available)
[    2.939853] random: systemd-udevd: uninitialized urandom read (16 bytes read, 3 bits of entropy available)
[    2.939901] random: systemd-udevd: uninitialized urandom read (16 bytes read, 3 bits of entropy available)
[    2.939954] random: systemd-udevd: uninitialized urandom read (16 bytes read, 3 bits of entropy available)
[    2.942631] random: systemd-udevd: uninitialized urandom read (16 bytes read, 3 bits of entropy available)
[    2.942697] random: systemd-udevd: uninitialized urandom read (16 bytes read, 3 bits of entropy available)
[    2.942746] random: systemd-udevd: uninitialized urandom read (16 bytes read, 3 bits of entropy available)
[    3.210748] e1000: Intel(R) PRO/1000 Network Driver - version 7.3.21-k8-NAPI
[    3.246307] e1000: Copyright (c) 1999-2006 Intel Corporation.
[    3.264675] Fusion MPT base driver 3.04.20
[    3.267512] Copyright (c) 1999-2008 LSI Corporation
[    3.306529] Fusion MPT SPI Host driver 3.04.20
[    3.402377] AVX version of gcm_enc/dec engaged.
[    3.405588] AES CTR mode by8 optimization enabled
[    3.525479] input: ImExPS/2 Generic Explorer Mouse as /devices/platform/i8042/serio1/input/input4
[    4.314084] e1000 0000:00:03.0 eth0: (PCI:33MHz:32-bit) 02:40:c1:fa:9b:f5
[    4.320647] e1000 0000:00:03.0 eth0: Intel(R) PRO/1000 Network Connection
[    4.330843] mptbase: ioc0: Initiating bringup
[    4.332058] e1000 0000:00:03.0 enp0s3: renamed from eth0
[    4.424784] ioc0: LSI53C1030 A0: Capabilities={Initiator}
[    5.608832] scsi host2: ioc0: LSI53C1030 A0, FwRev=00000000h, Ports=1, MaxQ=256, IRQ=20
[    6.157387] scsi 2:0:0:0: Direct-Access     VBOX     HARDDISK         1.0  PQ: 0 ANSI: 5
[    6.219889] scsi target2:0:0: Beginning Domain Validation
[    6.231165] scsi target2:0:0: Domain Validation skipping write tests
[    6.237444] scsi target2:0:0: Ending Domain Validation
[    6.243175] scsi target2:0:0: asynchronous
[    6.249797] scsi 2:0:1:0: Direct-Access     VBOX     HARDDISK         1.0  PQ: 0 ANSI: 5
[    6.258148] scsi target2:0:1: Beginning Domain Validation
[    6.267141] scsi target2:0:1: Domain Validation skipping write tests
[    6.271037] scsi target2:0:1: Ending Domain Validation
[    6.278175] scsi target2:0:1: asynchronous
[    6.311011] sd 2:0:0:0: Attached scsi generic sg0 type 0
[    6.323883] sd 2:0:0:0: [sda] 20971520 512-byte logical blocks: (10.7 GB/10.0 GiB)
[    6.327301] sd 2:0:1:0: [sdb] 20480 512-byte logical blocks: (10.5 MB/10.0 MiB)
[    6.327651] sd 2:0:1:0: Attached scsi generic sg1 type 0
[    6.328227] sd 2:0:1:0: [sdb] Write Protect is off
[    6.329125] sd 2:0:1:0: [sdb] Incomplete mode parameter data
[    6.329131] sd 2:0:1:0: [sdb] Assuming drive cache: write through
[    6.399308] sd 2:0:1:0: [sdb] Attached SCSI disk
[    6.465221] sd 2:0:0:0: [sda] Write Protect is off
[    6.476063] sd 2:0:0:0: [sda] Incomplete mode parameter data
[    6.485846] sd 2:0:0:0: [sda] Assuming drive cache: write through
[    6.504486]  sda: sda1
[    6.511899] sd 2:0:0:0: [sda] Attached SCSI disk
Begin: Loading essential drivers ... [    9.276644] md: linear personality registered for level -1
[    9.292746] md: multipath personality registered for level -4
[    9.309270] md: raid0 personality registered for level 0
[    9.334306] md: raid1 personality registered for level 1
[    9.424650] raid6: sse2x1   gen()   932 MB/s
[    9.496526] raid6: sse2x1   xor()   930 MB/s
[    9.568729] raid6: sse2x2   gen()   767 MB/s
[    9.640081] raid6: sse2x2   xor()  1213 MB/s
[    9.712286] raid6: sse2x4   gen()  1055 MB/s
[    9.784557] raid6: sse2x4   xor()  1335 MB/s
[    9.788516] raid6: using algorithm sse2x4 gen() 1055 MB/s
[    9.794342] raid6: .... xor() 1335 MB/s, rmw enabled
[    9.799230] raid6: using ssse3x2 recovery algorithm
[    9.810032] xor: automatically using best checksumming function:
[    9.856797]    avx       :  3048.000 MB/sec
[    9.866892] async_tx: api initialized (async)
[    9.904725] md: raid6 personality registered for level 6
[    9.910435] md: raid5 personality registered for level 5
[    9.916524] md: raid4 personality registered for level 4
[    9.952833] md: raid10 personality registered for level 10
done.
Begin: Running /scripts/init-premount ... done.
Begin: Mounting root file system ... Begin: Running /scripts/local-top ... done.
Begin: Running /scripts/local-premount ... [   10.097204] Btrfs loaded
Scanning for Btrfs filesystems
done.
Warning: fsck not present, so skipping root file system
[   10.209224] EXT4-fs (sda1): INFO: recovery required on readonly filesystem
[   10.215973] EXT4-fs (sda1): write access will be enabled during recovery
[   10.450521] EXT4-fs (sda1): recovery complete
[   10.459055] EXT4-fs (sda1): mounted filesystem with ordered data mode. Opts: (null)
done.
Begin: Running /scripts/local-bottom ... done.
Begin: Running /scripts/init-bottom ... done.
[   11.420598] systemd[1]: systemd 229 running in system mode. (+PAM +AUDIT +SELINUX +IMA +APPARMOR +SMACK +SYSVINIT +UTMP +LIBCRYPTSETUP +GCRYPT +GNUTLS +ACL +XZ -LZ4 +SECCOMP +BLKID +ELFUTILS +KMOD -IDN)
[   11.437690] systemd[1]: Detected virtualization oracle.
[   11.442898] systemd[1]: Detected architecture x86-64.

Welcome to [1mUbuntu 16.04.4 LTS[0m!

[   11.477866] systemd[1]: Set hostname to <ubuntu-xenial>.
[   11.565072] random: nonblocking pool is initialized
[   12.689406] systemd[1]: Started Forward Password Requests to Wall Directory Watch.
[[0;32m  OK  [0m] Started Forward Password Requests to Wall Directory Watch.
[   12.690145] systemd[1]: Listening on Device-mapper event daemon FIFOs.
[[0;32m  OK  [0m] Listening on Device-mapper event daemon FIFOs.
[   12.690145] systemd[1]: Listening on Journal Socket.
[[0;32m  OK  [0m] Listening on Journal Socket.
[   12.690145] systemd[1]: Created slice User and Session Slice.
[[0;32m  OK  [0m] Created slice User and Session Slice.
[   12.690145] systemd[1]: Set up automount Arbitrary Executable File Formats File System Automount Point.
[[0;32m  OK  [0m] Set up automount Arbitrary Executab...ats File System Automount Point.
[   12.690145] systemd[1]: Reached target System Time Synchronized.
[[0;32m  OK  [0m] Reached target System Time Synchronized.
[   12.690145] systemd[1]: Reached target Encrypted Volumes.
[[0;32m  OK  [0m] Reached target Encrypted Volumes.
[   12.690145] systemd[1]: Listening on Journal Socket (/dev/log).
[[0;32m  OK  [0m] Listening on Journal Socket (/dev/log).
[   12.690145] systemd[1]: Listening on Journal Audit Socket.
[[0;32m  OK  [0m] Listening on Journal Audit Socket.
[   12.817292] systemd[1]: Reached target Swap.
[[0;32m  OK  [0m] Reached target Swap.
[   12.826197] systemd[1]: Listening on LVM2 metadata daemon socket.
[[0;32m  OK  [0m] Listening on LVM2 metadata daemon socket.
[   12.837047] systemd[1]: Reached target User and Group Name Lookups.
[[0;32m  OK  [0m] Reached target User and Group Name Lookups.
[   12.873077] systemd[1]: Listening on LVM2 poll daemon socket.
[[0;32m  OK  [0m] Listening on LVM2 poll daemon socket.
[   12.884017] systemd[1]: Started Trigger resolvconf update for networkd DNS.
[[0;32m  OK  [0m] Started Trigger resolvconf update for networkd DNS.
[   12.896521] systemd[1]: Created slice System Slice.
[[0;32m  OK  [0m] Created slice System Slice.
[   12.911396] systemd[1]: Created slice system-serial\x2dgetty.slice.
[[0;32m  OK  [0m] Created slice system-serial\x2dgetty.slice.
[   12.921908] systemd[1]: Reached target Slices.
[[0;32m  OK  [0m] Reached target Slices.
[   12.968905] systemd[1]: Starting Set console keymap...
         Starting Set console keymap...
[   12.989742] systemd[1]: Starting Create list of required static device nodes for the current kernel...
         Starting Create list of required st... nodes for the current kernel...
[   13.158003] systemd[1]: Starting Load Kernel Modules...
         Starting Load Kernel Modules...
[   13.196678] systemd[1]: Starting Monitoring of LVM2 mirrors, snapshots etc. using dmeventd or progress polling...
         Starting Monitoring of LVM2 mirrors... dmeventd or progress polling...
[   13.284729] systemd[1]: Mounting Debug File System...
         Mounting Debug File System...
[   13.293096] Loading iSCSI transport class v2.0-870.
[   13.295332] systemd[1]: Starting Uncomplicated firewall...
         Starting Uncomplicated firewall...
[   13.359844] systemd[1]: Listening on /dev/initctl Compatibility Named Pipe.
[[0;32m  OK  [0m] Listening on /dev/initctl Compatibility Named Pipe.
[   13.489282] systemd[1]: Starting Nameserver information manager...
         Starting Nameserver information manager...
[   13.509088] systemd[1]: Listening on udev Kernel Socket.
[[0;32m  OK  [0m] Listening on udev Kernel Socket.
[   13.521986] iscsi: registered transport (tcp)
[   13.524515] systemd[1]: Starting Remount Root and Kernel File Systems...
         Starting Remount Root and Kernel File Systems...
[   13.537554] systemd[1]: Mounting POSIX Message Queue File System...
         Mounting POSIX Message Queue Fil[   13.548697] EXT4-fs (sda1): re-mounted. Opts: (null)
e System...
[   13.566273] systemd[1]: Listening on Syslog Socket.
[[0;32m  OK  [0m] Listening on Syslog Socket.
[   13.588945] systemd[1]: Starting Journal Service...
         Starting Journal Service...
[   13.621969] systemd[1]: Mounting Huge Pages File System...
         Mounting Huge Pages File System...
[   13.631046] systemd[1]: Listening on udev Control Socket.
[[0;32m  OK  [0m] Listening on udev Control Socket.
[   13.645440] systemd[1]: Mounted Debug File System.
[[0;32m  OK  [0m] Mounted Debug File System.
[   13.654890] systemd[1]: Mounted POSIX Message Queue File System.
[[0;32m  OK  [0m] Mounted POSIX Message Queue File System.
[   13.699874] systemd[1]: Mounted Huge Pages File System.
[[0;32m  OK  [0m] Mounted Huge Pages File System.
[   13.720444] systemd[1]: Started Set console keymap.
[[0;32m  OK  [0m] Started Set console keymap.
[   13.752234] systemd[1]: Started Create list of required static device nodes for the current kernel.
[[0;32m  OK  [0m] Started Create list of required sta...ce nodes for the current kernel.
[   13.763068] systemd[1]: Started Uncomplicated firewall.
[[0;32m  OK  [0m] Started Uncomplicated firewall.
[   13.778139] systemd[1]: Started Remount Root and Kernel File Systems.
[[0;32m  OK  [0m] Started Remount Root and Kernel File Systems.
[   13.877018] systemd[1]: Started Nameserver information manager.
[   13.893648] iscsi: registered transport (iser)
[[0;32m  OK  [0m] Started Nameserver information manager.
[   13.908918] systemd[1]: Started Load Kernel Modules.
[[0;32m  OK  [0m] Started Load Kernel Modules.
[   13.952049] systemd[1]: Started Journal Service.
[[0;32m  OK  [0m] Started Journal Service.
         Starting Apply Kernel Variables...
         Mounting FUSE Control File System...
[[0;32m  OK  [0m] Started LVM2 metadata daemon.
         Starting udev Coldplug all Devices...
         Starting Flush Journal to Persistent Storage...
         Starting Load/Save Random Seed...
         Starting Create Static Device Nodes in /dev...
[[0;32m  OK  [0m] Mounted FUSE Control File System.
[[0;32m  OK  [0m] Started Apply Kernel Variables.
[[0;32m  OK  [0m] Started Load/Save Random Seed.
[[0;32m  OK  [0m] Started udev Coldplug all Devices.
[[0;32m  OK  [0m] Started Flush Journal to Persistent Storage.
[[0;32m  OK  [0m] Started Monitoring of LVM2 mirrors,...ng dmeventd or progress polling.
[[0;32m  OK  [0m] Started Create Static Device Nodes in /dev.
         Starting udev Kernel Device Manager...
[[0;32m  OK  [0m] Started udev Kernel Device Manager.
[[0;32m  OK  [0m] Reached target Local File Systems (Pre).
[[0;32m  OK  [0m] Reached target Local File Systems.
         Starting Initial cloud-init job (pre-networking)...
         Starting Set console font and keymap...
         Starting LSB: AppArmor initialization...
         Starting Create Volatile Files and Directories...
         Starting Tell Plymouth To Write Out Runtime Data...
[[0;32m  OK  [0m] Started Dispatch Password Requests to Console Directory Watch.
[[0;32m  OK  [0m] Started Create Volatile Files and Directories.
[[0;32m  OK  [0m] Started Tell Plymouth To Write Out Runtime Data.
         Starting Update UTMP about System Boot/Shutdown...
[[0;32m  OK  [0m] Started Update UTMP about System Boot/Shutdown.
[[0;32m  OK  [0m] Found device /dev/ttyS0.
[[0;32m  OK  [0m] Found device 82540EM Gigabit Ethern...r (PRO/1000 MT Desktop Adapter).
[[0;32m  OK  [0m] Listening on Load/Save RF Kill Switch Status /dev/rfkill Watch.
[[0;32m  OK  [0m] Started LSB: AppArmor initialization.
[[0;32m  OK  [0m] Started Set console font and keymap.
[[0;32m  OK  [0m] Created slice system-getty.slice.
[   23.515210] cloud-init[495]: Cloud-init v. 18.2 running 'init-local' at Tue, 07 Aug 2018 05:47:15 +0000. Up 21.93 seconds.
[[0;32m  OK  [0m] Started Initial cloud-init job (pre-networking).
[[0;32m  OK  [0m] Reached target Network (Pre).
         Starting Raise network interfaces...
[[0;32m  OK  [0m] Started ifup for enp0s3.
[[0;32m  OK  [0m] Started Raise network interfaces.
[[0;32m  OK  [0m] Reached target Network.
         Starting Initial cloud-init job (metadata service crawler)...
[   29.293393] cloud-init[1016]: Cloud-init v. 18.2 running 'init' at Tue, 07 Aug 2018 05:47:19 +0000. Up 26.11 seconds.
[   29.391641] cloud-init[1016]: ci-info: +++++++++++++++++++++++++++++++++++++Net device info++++++++++++++++++++++++++++++++++++++
[   29.418529] cloud-init[1016]: ci-info: +--------+------+----------------------------+---------------+-------+-------------------+
[   29.538832] cloud-init[1016]: ci-info: | Device |  Up  |          Address           |      Mask     | Scope |     Hw-Address    |
[   29.540258] cloud-init[1016]: ci-info: +--------+------+----------------------------+---------------+-------+-------------------+
[   29.541012] cloud-init[1016]: ci-info: | enp0s3 | True |         10.0.2.15          | 255.255.255.0 |   .   | 02:40:c1:fa:9b:f5 |
[[0;32m  OK  [0m] Started Initial cloud-init job (metadata service crawler).
[   29.541617] cloud-init[1016]: ci-info: | enp0s3 | True | fe80::40:c1ff:fefa:9bf5/64 |       .       |  link | 02:40:c1:fa:9b:f5 |[[0;32m  OK  [0m] Reached target Cloud-config availability.
[[0;32m  OK  [0m] Reached target System Initialization.
         Starting LXD - unix socket.

[   29.600466] cloud-init[1016]: ci-info: |   lo   | True |         127.0.0.1          |   255.0.0.0   |   .   |         .         |
[   29.600721] cloud-init[1016]: ci-info: |   lo   | True |          ::1/128           |       .       |  host |         .         |
[   29.600943] cloud-init[1016]: ci-info: +--------+------+----------------------------+---------------+-------+-------------------+
[   29.601160] cloud-init[1016]: ci-info: +++++++++++++++++++++++++++Route IPv4 info++++++++++++++++++++++++++++
[   29.601572] cloud-init[1016]: ci-info: +-------+-------------+----------+---------------+-----------+-------+
[   29.601795] cloud-init[1016]: ci-info: | Route | Destination | Gateway  |    Genmask    | Interface | Flags |
[   29.602016] cloud-init[1016]: ci-info: +-------+-------------+----------+---------------+-----------+-------+
[   29.602367] cloud-init[1016]: ci-info: |   0   |   0.0.0.0   | 10.0.2.2 |    0.0.0.0    |   enp0s3  |   UG  |
[   29.602621] cloud-init[1016]: ci-info: |   1   |   10.0.2.0  | 0.0.0.0  | 255.255.255.0 |   enp0s3  |   U   |
[   29.602838] cloud-init[1016]: ci-info: +-------+-------------+----------+---------------+-----------+-------+
[[0;32m  OK  [0m] Listening on UUID daemon activation socket.
         Starting Socket activation for snappy daemon.
[[0;32m  OK  [0m] Started ACPI Events Check.
[[0;32m  OK  [0m] Reached target Paths.
[[0;32m  OK  [0m] Started Daily Cleanup of Temporary Directories.
[[0;32m  OK  [0m] Started Daily apt download activities.
[[0;32m  OK  [0m] Started Daily apt upgrade and clean activities.
[[0;32m  OK  [0m] Reached target Timers.
[[0;32m  OK  [0m] Listening on ACPID Listen Socket.
[[0;32m  OK  [0m] Listening on D-Bus System Message Bus Socket.
[[0;32m  OK  [0m] Reached target Network is Online.
         Starting iSCSI initiator daemon (iscsid)...
[[0;32m  OK  [0m] Listening on LXD - unix socket.
[[0;32m  OK  [0m] Listening on Socket activation for snappy daemon.
[[0;32m  OK  [0m] Reached target Sockets.
[[0;32m  OK  [0m] Reached target Basic System.
         Starting Accounts Service...
         Starting Login Service...
[[0;32m  OK  [0m] Started D-Bus System Message Bus.
         Starting System Logging Service...
         Starting Snappy daemon...
[[0;32m  OK  [0m] Started ACPI event daemon.
[[0;32m  OK  [0m] Started Regular background program processing daemon.
[[0;32m  OK  [0m] Started FUSE filesystem for LXC.
         Starting Virtualbox guest utils...
         Starting LXD - container startup/shutdown...
         Starting /etc/rc.local Compatibility...
         Starting LSB: Record successful boot for GRUB...
         Starting LSB: MD monitoring daemon...
[[0;32m  OK  [0m] Started Unattended Upgrades Shutdown.
         Starting OpenBSD Secure Shell server...
         Starting Apply the settings specified in cloud-config...
[[0;32m  OK  [0m] Started Deferred execution scheduler.
[[0;32m  OK  [0m] Started System Logging Service.
[[0;32m  OK  [0m] Started /etc/rc.local Compatibility.
[[0;32m  OK  [0m] Started Login Service.
         Starting Authenticate and Authorize Users to Run Privileged Tasks...
[[0;32m  OK  [0m] Started iSCSI initiator daemon (iscsid).
         Starting Login to default iSCSI targets...
[[0;32m  OK  [0m] Started LSB: Record successful boot for GRUB.
[[0;32m  OK  [0m] Started LSB: MD monitoring daemon.
[[0;32m  OK  [0m] Started Login to default iSCSI targets.
[[0;32m  OK  [0m] Reached target Remote File Systems (Pre).
[[0;32m  OK  [0m] Reached target Remote File Systems.
         Starting LSB: automatic crash report generation...
         Starting LSB: daemon to balance interrupts for SMP systems...
         Starting LSB: Set the CPU Frequency Scaling governor to "ondemand"...
         Starting Permit User Sessions...
[[0;32m  OK  [0m] Started Authenticate and Authorize Users to Run Privileged Tasks.
[[0;32m  OK  [0m] Started Accounts Service.
[[0;32m  OK  [0m] Started Permit User Sessions.
[[0;32m  OK  [0m] Started LSB: Set the CPU Frequency Scaling governor to "ondemand".
         Starting Terminate Plymouth Boot Screen...
         Starting Hold until boot process finishes up...
[[0;32m  OK  [0m] Started OpenBSD Secure Shell server.
[[0;32m  OK  [0m] Started Terminate Plymouth Boot Screen.
[[0;32m  OK  [0m] Started LSB: automatic crash report generation.
[[0;32m  OK  [0m] Started LSB: daemon to balance interrupts for SMP systems.
[[0;32m  OK  [0m] Started Hold until boot process finishes up.
[[0;32m  OK  [0m] Started Virtualbox guest utils.
[[0;32m  OK  [0m] Started Getty on tty1.
         Starting Set console scheme...
[[0;32m  OK  [0m] Started Serial Getty on ttyS0.
[[0;32m  OK  [0m] Reached target Login Prompts.
[[0;32m  OK  [0m] Started Set console scheme.
[   33.164118] cloud-init[1114]: Cloud-init v. 18.2 running 'modules:config' at Tue, 07 Aug 2018 05:47:25 +0000. Up 32.18 seconds.
[[0;32m  OK  [0m] Started Apply the settings specified in cloud-config.
[[0;32m  OK  [0m] Started Snappy daemon.
         Starting Wait until snapd is fully seeded...
[[0;32m  OK  [0m] Started Wait until snapd is fully seeded.
[[0;32m  OK  [0m] Started LXD - container startup/shutdown.
[[0;32m  OK  [0m] Reached target Multi-User System.
[[0;32m  OK  [0m] Reached target Graphical Interface.
         Starting Update UTMP about System Runlevel Changes...
         Starting Execute cloud user/final scripts...
[[0;32m  OK  [0m] Started Update UTMP about System Runlevel Changes.
[[0;32m  OK  [0m] Created slice User Slice of vagrant.
         Starting User Manager for UID 1000...
[[0;32m  OK  [0m] Started Session 1 of user vagrant.
[[0;32m  OK  [0m] Started User Manager for UID 1000.
[   36.949655] cloud-init[1264]: Cloud-init v. 18.2 running 'modules:final' at Tue, 07 Aug 2018 05:47:29 +0000. Up 36.01 seconds.
[   37.064318] cloud-init[1264]: Cloud-init v. 18.2 finished at Tue, 07 Aug 2018 05:47:30 +0000. Datasource DataSourceNoCloud [seed=/dev/sdb][dsmode=net].  Up 36.89 seconds
[[0;32m  OK  [0m] Started Execute cloud user/final scripts.
[[0;32m  OK  [0m] Reached target Cloud-init target.

Ubuntu 16.04.4 LTS ubuntu-xenial ttyS0

ubuntu-xenial login: [   44.349412] e1000 0000:00:03.0 enp0s3: Detected Tx Unit Hang
[   44.349412]   Tx Queue             <0>
[   44.349412]   TDH                  <1d>
[   44.349412]   TDT                  <1f>
[   44.349412]   next_to_use          <1f>
[   44.349412]   next_to_clean        <1d>
[   44.349412] buffer_info[next_to_clean]
[   44.349412]   time_stamp           <ffff03ec>
[   44.349412]   next_to_watch        <1e>
[   44.349412]   jiffies              <ffff0658>
[   44.349412]   next_to_watch.status <0>
[   46.353820] e1000 0000:00:03.0 enp0s3: Detected Tx Unit Hang
[   46.353820]   Tx Queue             <0>
[   46.353820]   TDH                  <1d>
[   46.353820]   TDT                  <1f>
[   46.353820]   next_to_use          <1f>
[   46.353820]   next_to_clean        <1d>
[   46.353820] buffer_info[next_to_clean]
[   46.353820]   time_stamp           <ffff03ec>
[   46.353820]   next_to_watch        <1e>
[   46.353820]   jiffies              <ffff084d>
[   46.353820]   next_to_watch.status <0>
[   48.358130] e1000 0000:00:03.0 enp0s3: Detected Tx Unit Hang
[   48.358130]   Tx Queue             <0>
[   48.358130]   TDH                  <1d>
[   48.358130]   TDT                  <1f>
[   48.358130]   next_to_use          <1f>
[   48.358130]   next_to_clean        <1d>
[   48.358130] buffer_info[next_to_clean]
[   48.358130]   time_stamp           <ffff03ec>
[   48.358130]   next_to_watch        <1e>
[   48.358130]   jiffies              <ffff0a42>
[   48.358130]   next_to_watch.status <0>
[   49.821548] e1000 0000:00:03.0 enp0s3: Reset adapter
